[dotenv@17.3.1] injecting env (2) from .env.local -- tip: ­ƒøí´©Å auth for agents: https://vestauth.com
--- Testing Models ---
Testing gemini-1.5-flash...
[FAILED] gemini-1.5-flash: [GoogleGenerativeAI Error]: Error fetching from https://generativelanguage.googleapis.com/v1beta/models/gemini-1.5-flash:generateContent: [404 Not Found] models/gemini-1.5-flash is not found for API version v1beta, or is not supported for generateContent. Call ListModels to see the list of available models and their supported methods.
Testing gemini-1.5-flash-latest...
[FAILED] gemini-1.5-flash-latest: [GoogleGenerativeAI Error]: Error fetching from https://generativelanguage.googleapis.com/v1beta/models/gemini-1.5-flash-latest:generateContent: [404 Not Found] models/gemini-1.5-flash-latest is not found for API version v1beta, or is not supported for generateContent. Call ListModels to see the list of available models and their supported methods.
Testing gemini-1.5-flash-001...
[FAILED] gemini-1.5-flash-001: [GoogleGenerativeAI Error]: Error fetching from https://generativelanguage.googleapis.com/v1beta/models/gemini-1.5-flash-001:generateContent: [404 Not Found] models/gemini-1.5-flash-001 is not found for API version v1beta, or is not supported for generateContent. Call ListModels to see the list of available models and their supported methods.
Testing gemini-1.5-flash-002...
[FAILED] gemini-1.5-flash-002: [GoogleGenerativeAI Error]: Error fetching from https://generativelanguage.googleapis.com/v1beta/models/gemini-1.5-flash-002:generateContent: [404 Not Found] models/gemini-1.5-flash-002 is not found for API version v1beta, or is not supported for generateContent. Call ListModels to see the list of available models and their supported methods.
Testing gemini-1.5-pro...
[FAILED] gemini-1.5-pro: [GoogleGenerativeAI Error]: Error fetching from https://generativelanguage.googleapis.com/v1beta/models/gemini-1.5-pro:generateContent: [404 Not Found] models/gemini-1.5-pro is not found for API version v1beta, or is not supported for generateContent. Call ListModels to see the list of available models and their supported methods.
Testing gemini-pro...
[FAILED] gemini-pro: [GoogleGenerativeAI Error]: Error fetching from https://generativelanguage.googleapis.com/v1beta/models/gemini-pro:generateContent: [404 Not Found] models/gemini-pro is not found for API version v1beta, or is not supported for generateContent. Call ListModels to see the list of available models and their supported methods.
